C:\Users\r_koledin\Desktop\onlyjirasvetofor\src\main\java\incuat\kg\svetoofor\jira\JiraIssue.java
C:\Users\r_koledin\Desktop\onlyjirasvetofor\src\main\java\incuat\kg\svetoofor\HelloController.java
C:\Users\r_koledin\Desktop\onlyjirasvetofor\src\main\java\incuat\kg\svetoofor\jira\JiraPoller.java
C:\Users\r_koledin\Desktop\onlyjirasvetofor\src\main\java\incuat\kg\svetoofor\jira\JiraClient.java
C:\Users\r_koledin\Desktop\onlyjirasvetofor\src\main\java\incuat\kg\svetoofor\jira\JiraSearchResult.java
C:\Users\r_koledin\Desktop\onlyjirasvetofor\src\main\java\incuat\kg\svetoofor\TrafficLightApp.java
C:\Users\r_koledin\Desktop\onlyjirasvetofor\src\main\java\incuat\kg\svetoofor\ServerLauncher.java
C:\Users\r_koledin\Desktop\onlyjirasvetofor\src\main\java\incuat\kg\svetoofor\InstallerGUI.java
C:\Users\r_koledin\Desktop\onlyjirasvetofor\src\main\java\incuat\kg\svetoofor\ObjectMapper.java
C:\Users\r_koledin\Desktop\onlyjirasvetofor\src\main\java\incuat\kg\svetoofor\TrafficLightServer.java
C:\Users\r_koledin\Desktop\onlyjirasvetofor\src\main\java\incuat\kg\svetoofor\TrafficLightSpec.java
